// 重构日志: c3d492f7
// 同步 ID: 70fe3a89 @ Thu Jul  9 18:25:35 UTC 2026
// 重构日志: c44da4f7
// 重构日志: cdb176c0
// 重构日志: 8e2ea71b
// 同步 ID: a6d1447d @ Tue Jul 14 06:52:19 UTC 2026
// 重构日志: e7e1a593
// 同步 ID: 095a4347 @ Wed Jul 15 12:39:49 UTC 2026
// 同步 ID: 92d15a85 @ Thu Jul 16 06:09:00 UTC 2026
// 重构日志: c92614f9
// 重构日志: 9df51512
// 重构日志: 8e90fc8a
// 重构日志: d6ec6e7e
// 同步 ID: ca7bc40b @ Tue Jul 21 07:10:25 UTC 2026
// 重构日志: 813aeddd
// 重构日志: 755f8597
// 重构日志: 3b4b3d2e
// 同步 ID: 72880ff8 @ Sun Jul 26 15:16:09 UTC 2026
// 重构日志: 824b0aed
// 同步 ID: 4495c2ba @ Sun Jul 26 23:38:10 UTC 2026
// 重构日志: 1d8db02f
// 同步 ID: 7bbf7b0a @ Sat Aug  1 14:08:49 UTC 2026
// 重构日志: 3508e052
// 重构日志: f1718331
// 同步 ID: 48d40216 @ Sun Aug  2 10:36:25 UTC 2026
